[25971 ## Cadillac ## CTS ## 2012 ## Midsize Cars ## [Gasoline] ## 8 ## 6.2 ## Automatic ## Rear-Wheel Drive ## 5.10 ## 7.65 ## 394.4 ## false ## 01/09/2011]
[58739 ## Lamborghini ## Huracan 2WD ## 2021 ## Two Seaters ## [Gasoline] ## 10 ## 5.2 ## Automated Manual ## Rear-Wheel Drive ## 5.53 ## 7.65 ## 368.1 ## false ## 30/06/2020]
[67528 ## Porsche ## 718 Cayman ## 2021 ## Two Seaters ## [Gasoline] ## 4 ## 2.0 ## Manual ## Rear-Wheel Drive ## 8.50 ## 11.05 ## 251.0 ## true ## 01/10/2020]
[54893 ## Nissan ## 370Z ## 2012 ## Two Seaters ## [Gasoline] ## 6 ## 3.7 ## Manual ## Rear-Wheel Drive ## 7.65 ## 11.05 ## 263.0 ## false ## 24/09/2011]
[18661 ## Scion ## tC ## 2012 ## Compact Cars ## [Gasoline] ## 4 ## 2.5 ## Manual ## Front-Wheel Drive ## 9.78 ## 13.18 ## 212.4 ## false ## 01/03/2011]
[69247 ## Porsche ## 718 Cayman GT4 ## 2021 ## Two Seaters ## [Gasoline] ## 6 ## 4.0 ## Manual ## Rear-Wheel Drive ## 7.23 ## 9.78 ## 290.6 ## false ## 02/12/2020]
[86590 ## Porsche ## Cayman S ## 2012 ## Two Seaters ## [Gasoline] ## 6 ## 3.4 ## Automatic ## Rear-Wheel Drive ## 8.50 ## 12.33 ## 240.1 ## false ## 31/01/2011]
[19689 ## Lamborghini ## Huracan Spyder 2WD ## 2021 ## Two Seaters ## [Gasoline] ## 10 ## 5.2 ## Automated Manual ## Rear-Wheel Drive ## 5.53 ## 7.65 ## 368.1 ## false ## 30/06/2020]
[92197 ## BMW ## 550i xDrive ## 2012 ## Midsize Cars ## [Gasoline] ## 8 ## 4.4 ## Automatic ## All-Wheel Drive ## 6.38 ## 8.50 ## 324.8 ## true ## 18/01/2011]
[47910 ## Aston Martin ## V8 Vantage S ## 2012 ## Two Seaters ## [Gasoline] ## 8 ## 4.7 ## Automated Manual ## Rear-Wheel Drive ## 5.95 ## 8.93 ## 345.1 ## false ## 11/07/2011]
[96146 ## Chevrolet ## Corvette ## 2025 ## Two Seaters ## [Gasoline] ## 8 ## 6.2 ## Automatic ## Rear-Wheel Drive ## 6.80 ## 10.63 ## 292.7 ## false ## 18/09/2024]
[39075 ## BMW ## Z4 sDrive28i ## 2012 ## Two Seaters ## [Gasoline] ## 4 ## 2.0 ## Automatic ## Rear-Wheel Drive ## 10.20 ## 14.03 ## 204.5 ## true ## 28/09/2011]
[59766 ## Mercedes-Benz ## C 300 (Coupe) ## 2021 ## Subcompact Cars ## [Gasoline] ## 4 ## 2.0 ## Automatic ## Rear-Wheel Drive ## 10.20 ## 14.03 ## 204.5 ## true ## 19/01/2021]
[40635 ## Audi ## R8 ## 2021 ## Two Seaters ## [Gasoline] ## 10 ## 5.2 ## Automated Manual ## All-Wheel Drive ## 5.53 ## 8.50 ## 345.1 ## false ## 30/06/2020]
[34929 ## Nissan ## VERSA ## 2012 ## Compact Cars ## [Gasoline] ## 4 ## 1.6 ## Manual ## Front-Wheel Drive ## 11.48 ## 15.31 ## 184.1 ## false ## 01/03/2011]
[46401 ## Mini ## Mini Cooper ## 2012 ## Minicompact Cars ## [Gasoline] ## 4 ## 1.6 ## Automatic ## Front-Wheel Drive ## 11.90 ## 15.31 ## 178.1 ## false ## 02/01/2012]
[77328 ## Mini ## COOPER HARDTOP 4 DOOR ## 2021 ## Subcompact Cars ## [Gasoline] ## 3 ## 1.5 ## Automated Manual ## Front-Wheel Drive ## 11.90 ## 15.73 ## 178.1 ## true ## 25/04/2020]
[61585 ## Volvo ## C30 FWD ## 2012 ## Compact Cars ## [Gasoline] ## 5 ## 2.5 ## Manual ## Front-Wheel Drive ## 8.93 ## 12.33 ## 230.1 ## true ## 23/09/2011]
[97358 ## Jaguar ## Jaguar XK ## 2012 ## Minicompact Cars ## [Gasoline] ## 8 ## 5.0 ## Automatic ## Rear-Wheel Drive ## 6.80 ## 10.20 ## 290.6 ## false ## 01/03/2011]
[72121 ## Audi ## TTS Coupe ## 2021 ## Subcompact Cars ## [Gasoline] ## 4 ## 2.0 ## Automated Manual ## All-Wheel Drive ## 9.78 ## 12.33 ## 220.9 ## true ## 13/11/2020]
[86681 ## Buick ## REGAL ## 2012 ## Midsize Cars ## [Gasoline] ## 4 ## 2.4 ## Automatic ## Front-Wheel Drive ## 10.63 ## 15.31 ## 190.4 ## false ## 15/09/2011]
[33010 ## Porsche ## 911 Targa 4 ## 2021 ## Minicompact Cars ## [Gasoline] ## 6 ## 3.0 ## Automated Manual ## All-Wheel Drive ## 7.65 ## 10.20 ## 276.1 ## true ## 09/11/2020]
[41008 ## Lamborghini ## Aventador Sian Roadster ## 2021 ## Two Seaters ## [Gasoline] ## 12 ## 6.5 ## Automated Manual ## All-Wheel Drive ## 3.40 ## 5.95 ## 552.2 ## false ## 26/02/2021]
[61637 ## Audi ## R8 Spyder ## 2012 ## Two Seaters ## [Gasoline] ## 8 ## 4.2 ## Automated Manual ## All-Wheel Drive ## 5.53 ## 8.93 ## 345.1 ## false ## 26/05/2011]
[32730 ## Volkswagen ## Jetta ## 2012 ## Compact Cars ## [Gasoline] ## 4 ## 2.0 ## Manual ## Front-Wheel Drive ## 10.20 ## 14.45 ## 197.2 ## false ## 09/09/2011]
[32662 ## Porsche ## 911 Targa 4S ## 2021 ## Minicompact Cars ## [Gasoline] ## 6 ## 3.0 ## Automated Manual ## All-Wheel Drive ## 7.65 ## 9.78 ## 276.1 ## true ## 09/11/2020]
[25442 ## Fiat ## 500 L ## 2015 ## Small Station Wagons ## [Gasoline] ## 4 ## 1.4 ## Automated Manual ## Front-Wheel Drive ## 10.20 ## 13.60 ## 205.1 ## true ## 26/06/2014]
[70186 ## Ferrari ## Portofino ## 2021 ## Minicompact Cars ## [Gasoline] ## 8 ## 3.9 ## Automated Manual ## Rear-Wheel Drive ## 6.80 ## 9.35 ## 306.8 ## true ## 01/07/2020]
[95704 ## Ford ## MUSTANG HO COUPE ## 2021 ## Subcompact Cars ## [Gasoline] ## 4 ## 2.3 ## Manual ## Rear-Wheel Drive ## 8.50 ## 11.48 ## 251.0 ## true ## 15/08/2020]
[78129 ## BMW ## M240i Coupe ## 2021 ## Subcompact Cars ## [Gasoline] ## 6 ## 3.0 ## Automatic ## Rear-Wheel Drive ## 8.93 ## 12.75 ## 230.1 ## true ## 01/08/2020]
[18248 ## Mercedes-Benz ## S 560 (convertible) ## 2021 ## Subcompact Cars ## [Gasoline] ## 8 ## 4.0 ## Automatic ## Rear-Wheel Drive ## 6.80 ## 11.05 ## 276.1 ## true ## 14/10/2020]
[81208 ## Porsche ## 911 C4 GTS ## 2012 ## Minicompact Cars ## [Gasoline] ## 6 ## 3.8 ## Automatic ## 4-Wheel Drive ## 7.65 ## 11.05 ## 263.0 ## false ## 24/01/2011]
[68697 ## Volkswagen ## Golf R ## 2012 ## Compact Cars ## [Gasoline] ## 4 ## 2.0 ## Manual ## All-Wheel Drive ## 8.08 ## 11.48 ## 251.0 ## true ## 29/08/2011]
[55168 ## BMW ## 228i Gran Coupe ## 2021 ## Compact Cars ## [Gasoline] ## 4 ## 2.0 ## Automatic ## Front-Wheel Drive ## 10.20 ## 14.03 ## 197.2 ## true ## 16/10/2020]
[14658 ## Lexus ## RC 300 AWD ## 2021 ## Subcompact Cars ## [Gasoline] ## 6 ## 3.5 ## Automatic ## All-Wheel Drive ## 8.08 ## 11.05 ## 251.0 ## false ## 10/08/2020]
[66975 ## BMW ## i3 BEV ## 2015 ## Subcompact Cars ## [Electricity] ## 0 ## 0.0 ## Automatic ## Rear-Wheel Drive ## 58.24 ## 47.19 ## 0.0 ## false ## 27/01/2015]
[64411 ## Aston Martin ## Vantage Manual ## 2021 ## Two Seaters ## [Gasoline] ## 8 ## 4.0 ## Manual ## Rear-Wheel Drive ## 5.95 ## 8.93 ## 324.8 ## true ## 10/08/2020]
[45202 ## Aston Martin ## V8 Vantage ## 2012 ## Two Seaters ## [Gasoline] ## 8 ## 4.7 ## Manual ## Rear-Wheel Drive ## 5.53 ## 8.08 ## 368.1 ## false ## 11/07/2011]
[69824 ## Geo ## Metro ## 1995 ## Subcompact Cars ## [Gasoline] ## 3 ## 1.0 ## Manual ## Front-Wheel Drive ## 15.73 ## 18.71 ## 138.1 ## false ## 01/01/2013]
[63595 ## Honda ## Civic Hybrid ## 2005 ## Compact Cars ## [Gasoline,Electricity] ## 4 ## 1.3 ## CVT ## Front-Wheel Drive ## 16.58 ## 17.86 ## 134.7 ## false ## 01/01/2013]
[96038 ## Mercedes-Benz ## C 300 4MATIC (Coupe) ## 2021 ## Subcompact Cars ## [Gasoline] ## 4 ## 2.0 ## Automatic ## 4-Wheel Drive ## 9.78 ## 13.60 ## 212.4 ## true ## 14/12/2020]
[40813 ## Audi ## R8 Spyder ## 2012 ## Two Seaters ## [Gasoline] ## 10 ## 5.2 ## Automated Manual ## All-Wheel Drive ## 5.53 ## 8.08 ## 368.1 ## false ## 06/05/2011]
[47379 ## Volkswagen ## CC ## 2012 ## Compact Cars ## [Gasoline] ## 4 ## 2.0 ## Manual ## Front-Wheel Drive ## 8.93 ## 13.18 ## 230.1 ## true ## 10/10/2011]
[40576 ## Acura ## TLX FWD ## 2021 ## Compact Cars ## [Gasoline] ## 4 ## 2.0 ## Automatic ## Front-Wheel Drive ## 9.35 ## 13.18 ## 220.9 ## true ## 22/11/2020]
[47680 ## BMW ## 230i Coupe ## 2021 ## Subcompact Cars ## [Gasoline] ## 4 ## 2.0 ## Manual ## Rear-Wheel Drive ## 8.93 ## 13.60 ## 220.9 ## true ## 31/07/2020]
[50598 ## Lexus ## RC 300 ## 2021 ## Subcompact Cars ## [Gasoline] ## 4 ## 2.0 ## Automatic ## Rear-Wheel Drive ## 8.93 ## 13.18 ## 220.9 ## true ## 10/08/2020]
[94448 ## Jaguar ## F-TYPE S AWD Convertible ## 2021 ## Two Seaters ## [Gasoline] ## 6 ## 3.0 ## Automatic ## All-Wheel Drive ## 7.65 ## 11.05 ## 263.0 ## false ## 24/02/2020]
[78257 ## Mitsubishi ## LANCER EVOLUTION ## 2012 ## Compact Cars ## [Gasoline] ## 4 ## 2.0 ## Manual ## All-Wheel Drive ## 7.23 ## 9.78 ## 290.6 ## true ## 01/03/2011]
[87176 ## Genesis ## G70 AWD ## 2021 ## Compact Cars ## [Gasoline] ## 4 ## 2.0 ## Automatic ## All-Wheel Drive ## 8.50 ## 11.48 ## 240.1 ## true ## 31/03/2020]
[61018 ## Acura ## TL 4WD ## 2012 ## Midsize Cars ## [Gasoline] ## 6 ## 3.7 ## Manual ## All-Wheel Drive ## 7.23 ## 10.63 ## 276.1 ## false ## 24/09/2011]
