(R)Cadillac CTS
(R)Lamborghini Huracan 2WD
(R)Porsche 718 Cayman
(R)Nissan 370Z
(R)Scion tC
(R)Porsche 718 Cayman GT4
(R)Porsche Cayman S
(R)Lamborghini Huracan Spyder 2WD
(R)BMW 550i xDrive
(R)Aston Martin V8 Vantage S
(R)Chevrolet Corvette
(R)BMW Z4 sDrive28i
(R)Mercedes-Benz C 300 (Coupe)
(R)Audi R8
(R)Nissan VERSA
(R)Mini Mini Cooper
(R)Mini COOPER HARDTOP 4 DOOR
(R)Volvo C30 FWD
(R)Jaguar Jaguar XK
(R)Audi TTS Coupe
(R)Buick REGAL
(R)Porsche 911 Targa 4
(R)Lamborghini Aventador Sian Roadster
(R)Audi R8 Spyder
(R)Volkswagen Jetta
(R)Porsche 911 Targa 4S
(R)Fiat 500 L
(R)Ferrari Portofino
(R)Ford MUSTANG HO COUPE
(R)BMW M240i Coupe
(R)Mercedes-Benz S 560 (convertible)
(R)Porsche 911 C4 GTS
(R)Volkswagen Golf R
(R)BMW 228i Gran Coupe
(R)Lexus RC 300 AWD
(R)BMW i3 BEV
(R)Aston Martin Vantage Manual
(R)Aston Martin V8 Vantage
(R)Geo Metro
(R)Honda Civic Hybrid
(R)Mercedes-Benz C 300 4MATIC (Coupe)
(R)Audi R8 Spyder
(R)Volkswagen CC
(R)Acura TLX FWD
(R)BMW 230i Coupe
(R)Lexus RC 300
(R)Jaguar F-TYPE S AWD Convertible
(R)Mitsubishi LANCER EVOLUTION
(R)Genesis G70 AWD
(R)Acura TL 4WD
(R)Porsche 911 Carrera 4 Targa
(R)Mini Mini John Cooper Works Coupe
(R)Toyota Prius
(R)Porsche 911 Carrera
(R)Toyota COROLLA
(R)Lamborghini Aventador Coupe
(R)Porsche 911 Targa 4S
(R)BMW 330i
(R)Lexus RC 350
(R)Mercedes-Benz E 450 4MATIC (convertible)
(R)Porsche 911 Carrera 4 Targa
(R)Lamborghini Huracan Spyder
(R)Lamborghini Aventador Roadster
(R)Porsche 718 Boxster S
(R)BMW 430i Coupe
(R)Porsche 718 Cayman
(R)Porsche 911 Carrera
(R)BMW 550i
(R)BMW i3 BEV
(R)Lexus LC 500 CONVERTIBLE
[21594 ## Saab ## 9-5 SEDAN ## 2012 ## Midsize Cars ## [Gasoline] ## 4 ## 2.0 ## Automatic ## Front-Wheel Drive ## 7.65 ## 11.90 ## 251.0 ## true ## 10/10/2011]
[41486 ## Porsche ## 911 Carrera S ## 2021 ## Minicompact Cars ## [Gasoline] ## 6 ## 3.0 ## Automated Manual ## Rear-Wheel Drive ## 7.65 ## 9.78 ## 276.1 ## true ## 09/11/2020]
[60480 ## Volkswagen ## GOLF ## 2012 ## Compact Cars ## [Diesel] ## 4 ## 2.0 ## Manual ## Front-Wheel Drive ## 12.75 ## 17.86 ## 186.0 ## true ## 29/08/2011]
[32206 ## Lotus ## Evora ## 2012 ## Minicompact Cars ## [Gasoline] ## 6 ## 3.5 ## Manual ## Rear-Wheel Drive ## 7.65 ## 11.05 ## 263.0 ## false ## 18/11/2011]
[81208 ## Porsche ## 911 C4 GTS ## 2012 ## Minicompact Cars ## [Gasoline] ## 6 ## 3.8 ## Automatic ## 4-Wheel Drive ## 7.65 ## 11.05 ## 263.0 ## false ## 24/01/2011]
